RAM Allocation [bytes]
Variable                                                                          Address   Size
------------------------------------------------------------------------------------------------
_base_y                                                                           0x0260       4

EEPROM Allocation [bytes]
Variable                                                                          Address   Size
------------------------------------------------------------------------------------------------

Register Allocation
Variable                                                                          Register  Size
------------------------------------------------------------------------------------------------
_lcd_x                                                                            R5           1
_lcd_y                                                                            R4           1
_lcd_maxx                                                                         R7           1

FLASH Allocation [words]
Function                                                                          Address   Size
------------------------------------------------------------------------------------------------
main                                                                              0x00062      7
_lcd_write_nibble_G100                                                            0x00069     20
_lcd_write_data                                                                   0x0007D     12
lcd_gotoxy                                                                        0x00089     13
lcd_clear                                                                         0x00096     10
lcd_putchar                                                                       0x000A0     21
lcd_putsf                                                                         0x000B5     19
lcd_init                                                                          0x000C8     42
